[Entrypoint: main]
[Get Float `x` from Command Line]
[Apply Function (fmul x (fromNat 2))]
[Print Result to Command Line]
[Apply `probe` (gives IO Nat)]
  [When (parseFloat 23290465) is (none):]
    [Print (999) to Command Line]
  [When (parseFloat 23290465) is (some x):]
    [Print (111) to Command Line]
[Apply `probe2` (gives IO Nat)]
  [When (parseFloat 302) is (none):]
    [Print (999) to Command Line]
  [When (parseFloat 302) is (some x):]
    [Print (111) to Command Line]
