[Entrypoint: main]
[Apply `tryPrint` to (304) (takes Nat, gives IO Nat) as `u`]
[Apply `tryPrint` to (306) (takes Nat, gives IO Nat) as `u`]
[Apply `tryPrint` to (5170605619) (takes Nat, gives IO Nat) as `u`]
[Apply `tryPrint` to (5187186733) (takes Nat, gives IO Nat) as `u`]
[Apply `tryPrint` to (20407601) (takes Nat, gives IO Nat) as `u`]
[Apply `tryPrint` to (5103576369) (takes Nat, gives IO Nat) as `u`]
[Apply `tryPrint` to (5120353585) (takes Nat, gives IO Nat) as `u`]
[Apply `tryPrint` to (5203911985) (takes Nat, gives IO Nat) as `u`]
[Apply `tryPrint` to (5220689201) (takes Nat, gives IO Nat) as `u`]
[Apply `tryPrint` to (344342111006257) (takes Nat, gives IO Nat) as `u`]
[Apply `tryPrint` to (20000304) (takes Nat, gives IO Nat) as `u`]
[Apply `tryProbe` to (77358) (takes Nat, gives IO Nat) as `u`]
[Apply `tryProbe` to (91441) (takes Nat, gives IO Nat) as `u`]
[Apply `tryProbe` to (20258869) (takes Nat, gives IO Nat)]
